============================= test session starts =============================
platform win32 -- Python 3.14.2, pytest-9.0.2, pluggy-1.6.0 -- C:\Users\kelvi\AppData\Local\Python\pythoncore-3.14-64\python.exe
cachedir: .pytest_cache
rootdir: C:\Users\kelvi\OneDrive\┴rea de Trabalho\AkitaLLM-2
configfile: pyproject.toml
plugins: anyio-4.12.1, mock-3.15.1
collecting ... collected 3 items

tests/test_strict_guards.py::test_reject_invalid_context PASSED          [ 33%]
tests/test_strict_guards.py::test_dry_run_safety PASSED                  [ 66%]
tests/test_strict_guards.py::test_contract_enforcement FAILED            [100%]

================================== FAILURES ===================================
__________________________ test_contract_enforcement __________________________

    def test_contract_enforcement():
        """
        Test that run_solve raises ValueError if model returns invalid content.
        """
        from unittest.mock import patch
    
        # Mock PluginManager to avoid scanning
        with patch("akita.reasoning.engine.PluginManager") as MockPM:
            # Mock model
            mock_model = MagicMock()
            engine = ReasoningEngine(model=mock_model)
    
            # CASE 1: Model returns a Dict (not string)
            mock_model.chat.return_value.content = {"some": "json"}
    
>           with pytest.raises(ValueError, match="Expected string"):
                 ^^^^^^
E           NameError: name 'pytest' is not defined

tests\test_strict_guards.py:87: NameError
============================== warnings summary ===============================
..\..\..\AppData\Local\Python\pythoncore-3.14-64\Lib\site-packages\litellm\litellm_core_utils\logging_utils.py:273: 15 warnings
  C:\Users\kelvi\AppData\Local\Python\pythoncore-3.14-64\Lib\site-packages\litellm\litellm_core_utils\logging_utils.py:273: DeprecationWarning: 'asyncio.iscoroutinefunction' is deprecated and slated for removal in Python 3.16; use inspect.iscoroutinefunction() instead
    if asyncio.iscoroutinefunction(func):

-- Docs: https://docs.pytest.org/en/stable/how-to/capture-warnings.html
=========================== short test summary info ===========================
FAILED tests/test_strict_guards.py::test_contract_enforcement - NameError: name 'pytest' is not defined
================== 1 failed, 2 passed, 15 warnings in 3.27s ===================
